git is a version control system
git is free software

初始化一个Git仓库，使用git init命令。

添加文件到Git仓库，分两步：

第一步，使用命令git add <file>，注意，可反复多次使用，添加多个文件；

第二步，使用命令git commit，完成。

git is free software distribution under the gpl

git has a mutable index called stage

小结

又到了小结时间。

场景1：当你改乱了工作区某个文件的内容，想直接丢弃工作区的修改时，用命令git checkout -- file。

场景2：当你不但改乱了工作区某个文件的内容，还添加到了暂存区时，想丢弃修改，分两步，第一步用命令git reset HEAD file，就回到了场景1，第二步按场景1操作。

场景3：已经提交了不合适的修改到版本库时，想要撤销本次提交，参考版本回退一节，不过前提是没有推送到远程库。

删除文件

先添加一个新文件test.txt到Git并且提交：

$ git add test.txt
$ git commit -m "add test.txt"
[master 94cdc44] add test.txt
 1 file changed, 1 insertion(+)
 create mode 100644 test.txt
一般情况下，你通常直接在文件管理器中把没用的文件删了，或者用rm命令删了：

$ rm test.txt
这个时候，Git知道你删除了文件，因此，工作区和版本库就不一致了，git status命令会立刻告诉你哪些文件被删除了：

$ git status
# On branch master
# Changes not staged for commit:
#   (use "git add/rm <file>..." to update what will be committed)
#   (use "git checkout -- <file>..." to discard changes in working directory)
#
#       deleted:    test.txt
#
no changes added to commit (use "git add" and/or "git commit -a")
现在你有两个选择，一是确实要从版本库中删除该文件，那就用命令git rm删掉，并且git commit：

$ git rm test.txt
rm 'test.txt'
$ git commit -m "remove test.txt"
[master d17efd8] remove test.txt
 1 file changed, 1 deletion(-)
 delete mode 100644 test.txt
现在，文件就从版本库中被删除了。

另一种情况是删错了，因为版本库里还有呢，所以可以很轻松地把误删的文件恢复到最新版本：

$ git checkout -- test.txt
git checkout其实是用版本库里的版本替换工作区的版本，无论工作区是修改还是删除，都可以“一键还原”。

添加远程库

现在的情景是，你已经在本地创建了一个Git仓库后，又想在GitHub创建一个Git仓库，并且让这两个仓库进行远程同步，这样，GitHub上的仓库既可以作为备份，又可以让其他人通过该仓库来协作，真是一举多得。

首先，登陆GitHub，然后，在右上角找到“Create a new repo”按钮，创建一个新的仓库


目前，在GitHub上的这个learngit仓库还是空的，GitHub告诉我们，可以从这个仓库克隆出新的仓库，也可以把一个已有的本地仓库与之关联，然后，把本地仓库的内容推送到GitHub仓库。

现在，我们根据GitHub的提示，在本地的learngit仓库下运行命令：

$ git remote add origin git@github.com:michaelliao/learngit.git
请千万注意，把上面的michaelliao替换成你自己的GitHub账户名，否则，你在本地关联的就是我的远程库，关联没有问题，但是你以后推送是推不上去的，因为你的SSH Key公钥不在我的账户列表中。

添加后，远程库的名字就是origin，这是Git默认的叫法，也可以改成别的，但是origin这个名字一看就知道是远程库。

下一步，就可以把本地库的所有内容推送到远程库上：

$ git push -u origin master

把本地库的内容推送到远程，用git push命令，实际上是把当前分支master推送到远程。

由于远程库是空的，我们第一次推送master分支时，加上了-u参数，Git不但会把本地的master分支内容推送的远程新的master分支，还会把本地的master分支和远程的master分支关联起来，在以后的推送或者拉取时就可以简化命令。

推送成功后，可以立刻在GitHub页面中看到远程库的内容已经和本地一模一样：





















